WARNING: no amino acid ATOM/HETATM records found.
Traceback (most recent call last):
  File "/orfeo/cephfs/scratch/area/ssenci/senci_projects/ppi_project_fra/testrun_zlab/scripts/03_toresidues.py", line 29, in <module>
    subprocess.run([
    ~~~~~~~~~~~~~~^^
        "python3", SCRIPT,
        ^^^^^^^^^^^^^^^^^^
        pdb_file,
        ^^^^^^^^^
        "--output", output_tsv
        ^^^^^^^^^^^^^^^^^^^^^^
    ], check=True)
    ^^^^^^^^^^^^^^
  File "/usr/lib64/python3.13/subprocess.py", line 579, in run
    raise CalledProcessError(retcode, process.args,
                             output=stdout, stderr=stderr)
subprocess.CalledProcessError: Command '['python3', 'scripts/PDB_to_residues.py', 'data/haddock_units/2ABZ/1ZFI_Z.pdb', '--output', 'data/haddock_units/2ABZ/residues/1ZFI_Z_residues.tsv']' returned non-zero exit status 1.
Traceback (most recent call last):
  File "/orfeo/cephfs/scratch/area/ssenci/senci_projects/ppi_project_fra/testrun_zlab/scripts/align_PDB_seqs.py", line 124, in <module>
    main()
    ~~~~^^
  File "/orfeo/cephfs/scratch/area/ssenci/senci_projects/ppi_project_fra/testrun_zlab/scripts/align_PDB_seqs.py", line 14, in main
    df_complex = pd.read_csv(args.complex, sep='\t')
  File "/orfeo/cephfs/scratch/area/ssenci/venvs/ml_transformers/lib64/python3.13/site-packages/pandas/io/parsers/readers.py", line 873, in read_csv
    return _read(filepath_or_buffer, kwds)
  File "/orfeo/cephfs/scratch/area/ssenci/venvs/ml_transformers/lib64/python3.13/site-packages/pandas/io/parsers/readers.py", line 300, in _read
    parser = TextFileReader(filepath_or_buffer, **kwds)
  File "/orfeo/cephfs/scratch/area/ssenci/venvs/ml_transformers/lib64/python3.13/site-packages/pandas/io/parsers/readers.py", line 1645, in __init__
    self._engine = self._make_engine(f, self.engine)
                   ~~~~~~~~~~~~~~~~~^^^^^^^^^^^^^^^^
  File "/orfeo/cephfs/scratch/area/ssenci/venvs/ml_transformers/lib64/python3.13/site-packages/pandas/io/parsers/readers.py", line 1904, in _make_engine
    self.handles = get_handle(
                   ~~~~~~~~~~^
        f,
        ^^
    ...<6 lines>...
        storage_options=self.options.get("storage_options", None),
        ^^^^^^^^^^^^^^^^^^^^^^^^^^^^^^^^^^^^^^^^^^^^^^^^^^^^^^^^^^
    )
    ^
  File "/orfeo/cephfs/scratch/area/ssenci/venvs/ml_transformers/lib64/python3.13/site-packages/pandas/io/common.py", line 926, in get_handle
    handle = open(
        handle,
    ...<3 lines>...
        newline="",
    )
FileNotFoundError: [Errno 2] No such file or directory: 'data/haddock_units/2ABZ/residues/2ABZ_WZ_residues.tsv'
Traceback (most recent call last):
  File "/orfeo/cephfs/scratch/area/ssenci/senci_projects/ppi_project_fra/testrun_zlab/scripts/05_align_chains.py", line 38, in <module>
    subprocess.run([
    ~~~~~~~~~~~~~~^^
        "python3", SCRIPT,
        ^^^^^^^^^^^^^^^^^^
    ...<2 lines>...
        "--output", output_file
        ^^^^^^^^^^^^^^^^^^^^^^^
    ], check=True)
    ^^^^^^^^^^^^^^
  File "/usr/lib64/python3.13/subprocess.py", line 579, in run
    raise CalledProcessError(retcode, process.args,
                             output=stdout, stderr=stderr)
subprocess.CalledProcessError: Command '['python3', 'scripts/align_PDB_seqs.py', '--complex', 'data/haddock_units/2ABZ/residues/2ABZ_WZ_residues.tsv', '--chain', 'data/haddock_units/2ABZ/residues/3I1U_W_residues.tsv', '--output', 'data/haddock_units/2ABZ/aln/2ABZ_WZ_vs_3I1U_W.tsv']' returned non-zero exit status 1.
[ERROR] Expected 2 vs-files in /orfeo/cephfs/scratch/area/ssenci/senci_projects/ppi_project_fra/testrun_zlab/data/haddock_units/2ABZ/aln, found 0
Traceback (most recent call last):
  File "/orfeo/cephfs/scratch/area/ssenci/senci_projects/ppi_project_fra/testrun_zlab/scripts/06_make_targetpairs.py", line 15, in <module>
    subprocess.run([
    ~~~~~~~~~~~~~~^^
        "python3", SCRIPT,
        ^^^^^^^^^^^^^^^^^^
        dir_contacts,
        ^^^^^^^^^^^^^
        dir_aln
        ^^^^^^^
    ], check=True)
    ^^^^^^^^^^^^^^
  File "/usr/lib64/python3.13/subprocess.py", line 579, in run
    raise CalledProcessError(retcode, process.args,
                             output=stdout, stderr=stderr)
subprocess.CalledProcessError: Command '['python3', 'scripts/remap_contacts.py', 'data/haddock_units/2ABZ/contacts', 'data/haddock_units/2ABZ/aln']' returned non-zero exit status 1.
